2
2
3
0
2
0
3
0
0
0
3
2
3
4
0
3
2
-11
4
0
4
0
0
2
2
2
0
0
1
0
0
0
1
0
2
2
1
-12
-13
2
-12
-21
1
2
-24
-20
2
-27
-28
3
3
3
3
3
0
-30
1
-29
-30
4
1
-36
-56
0
0
3
0
4
4
3
-64
-51
3
-48
-49
0
2
3
3
1
4
2
-76
-77
0
0
0
1
1
4
4
-63
-72
2
0
-75
0
2
1
-46
3
-95
-77
2
2
-77
-78
4
-80
-81
2
1
4
2
0
-90
1
4
-98
-113
3
-96
-94
2
1
-12
1
-121
-103
3
4
-125
0
-52
0
