4
4
1
0
1
4
1
1
0
4
1
2
0
0
0
0
0
1
4
4
0
1
3
0
0
1
0
0
1
3
4
0
0
-11
4
-24
-14
4
4
1
0
-19
0
4
-15
-11
2
2
4
4
0
4
-22
-42
2
4
-45
0
2
-29
-49
2
4
3
-53
-43
1
0
-57
0
2
3
2
1
-49
-53
-65
0
1
3
-29
1
-52
-72
2
4
-56
0
0
1
2
-69
3
4
0
3
0
3
2
-77
0
3
-72
-73
3
0
2
0
4
-98
3
-86
-82
3
0
2
3
2
1
2
-95
0
3
-93
-113
4
-105
0
3
3
-108
2
0
-122
4
2
-125
0
0
3
1
2
2
-132
-122
0
2
1
-137
-119
4
0
-141
1
3
3
-134
0
1
-137
-149
0
2
-141
3
3
0
4
2
1
4
2
-142
-148
-119
4
0
-55
1
4
0
3
-171
-153
0
0
2
3
1
0
2
3
4
-168
-172
4
0
-172
2
-4
-58
4
1
3
-194
4
-195
-182
1
3
-188
-200
-127
0
4
0
1
3
0
1
0
4
-192
-201
1
1
2
-205
-206
3
-205
-220
2
-223
0
