3
2
0
2
1
2
0
3
3
0
0
0
1
2
2
0
0
4
0
0
4
0
-5
3
4
1
0
0
0
2
0
4
-18
-16
2
2
1
4
3
-31
-32
4
-17
-35
1
4
0
-39
0
3
4
0
4
-36
-46
1
3
-49
-41
1
-46
-44
2
1
2
4
-49
-42
4
-61
-45
3
2
-48
-60
-16
2
4
0
-48
-55
