3
2
2
1
2
2
0
0
4
0
0
0
4
3
1
0
0
3
0
0
0
4
1
0
1
-11
-21
3
3
-15
0
2
-27
0
4
2
1
4
-24
0
3
-27
-28
2
1
0
-41
1
-40
0
3
4
4
0
-40
0
0
