3
4
3
0
0
1
3
1
2
0
0
4
0
0
1
1
0
0
0
3
0
3
0
-12
2
-23
3
3
1
-18
-28
4
0
-18
4
1
0
-29
1
-28
0
