2
0
3
0
3
3
0
1
0
1
0
2
1
4
4
0
0
-3
3
1
0
0
-3
2
2
-6
0
4
-9
-10
2
1
4
1
2
2
0
2
0
0
1
-27
-5
2
2
3
0
0
-29
2
0
-32
3
1
3
-41
-11
0
3
0
2
-24
-25
4
1
1
-48
0
2
4
-33
0
1
0
-55
1
1
1
0
-42
4
-62
-45
1
4
-48
-67
0
1
0
4
2
4
0
2
-81
-59
-78
3
3
4
0
-65
0
1
3
-69
-62
2
-64
-96
