2
3
1
2
0
2
4
0
3
4
2
0
1
0
0
2
3
0
0
-3
1
4
4
0
0
2
0
0
4
-17
-5
3
1
1
3
-19
-24
1
-13
0
0
4
0
3
1
-29
-30
1
-23
-33
4
2
1
2
1
1
-31
-35
3
-43
-35
3
1
-47
-39
1
0
-45
3
4
2
-49
-50
2
-49
-50
4
1
-56
-67
3
-65
-60
4
3
1
3
-75
-66
-77
1
2
-76
-81
4
-79
-80
0
1
3
1
2
3
0
-82
3
-94
0
4
0
1
-95
0
2
1
1
0
-101
0
0
1
4
2
1
0
-100
-68
4
1
-104
-105
0
-120
1
2
2
1
0
2
4
2
-116
0
3
0
-129
3
-103
3
-124
-125
3
3
1
1
-133
-140
1
-136
-137
4
0
-8
1
3
2
-154
-151
-11
3
3
-149
-147
0
0
3
1
3
2
4
0
2
0
-158
4
2
-161
-175
3
-167
-174
3
4
-181
0
3
4
-181
-173
-105
3
2
4
0
3
-183
-184
3
4
0
-194
0
0
3
0
1
3
0
2
1
0
-209
-175
4
4
0
2
-211
0
4
0
4
-207
0
1
3
1
3
3
0
3
0
1
-209
0
3
-224
3
3
1
-238
-235
4
-228
-242
1
4
0
-246
4
-238
-249
0
3
1
2
1
3
-16
-207
2
-201
-13
3
1
-44
-111
0
4
4
3
1
-260
-258
3
0
-274
3
3
-277
-265
1
-270
0
3
3
-139
-242
4
4
0
-276
-11
1
1
-289
1
4
0
-169
4
-27
0
4
4
4
-25
2
-302
-297
1
2
-297
-301
0
4
2
2
-316
-317
2
-319
-307
-141
0
