4
2
2
1
0
0
4
0
0
2
-7
-8
4
4
3
0
0
-3
1
-5
2
0
0
