2
3
1
1
4
3
0
0
1
0
0
1
0
-5
1
2
0
4
0
0
1
0
-5
2
4
3
2
0
0
0
0
1
0
3
-17
-18
2
4
-21
2
0
3
0
-17
2
2
1
-30
-22
3
-33
-46
4
2
-28
-38
4
-49
-50
