4
2
3
3
3
2
3
3
1
0
0
3
0
0
3
-4
-5
3
4
-8
0
3
2
0
0
-14
0
2
-17
3
4
3
4
0
0
-13
1
-26
-30
0
1
3
0
1
4
4
-24
-39
0
2
1
-40
0
-35
2
3
1
0
-22
-51
0
1
3
3
0
1
2
1
-46
-58
1
-63
0
1
2
-64
0
4
-67
-71
1
3
3
4
-52
0
-72
0
4
2
0
3
-84
0
4
2
-74
-89
1
-67
-89
3
-91
2
0
4
0
3
3
-101
-102
2
0
-102
2
1
2
1
3
3
0
2
-90
-115
1
1
0
-105
0
1
4
1
-124
-111
-102
0
2
4
4
1
0
-133
-3
2
4
-134
-124
2
-126
-138
1
0
2
1
-122
0
0
3
0
1
3
1
2
-131
-132
-67
4
4
0
-147
0
0
-161
