1
0
2
1
4
1
1
3
3
1
0
0
3
0
0
3
4
0
0
-7
3
1
2
0
0
-9
2
-5
-19
1
4
3
-20
-21
2
-23
-27
-15
4
1
-24
2
1
-31
-28
0
1
4
2
-40
-38
0
2
0
-32
4
0
3
0
3
1
4
0
-54
1
-49
-50
3
0
-57
0
