4
2
3
2
0
1
1
0
0
4
0
0
1
3
3
0
0
0
3
-10
-6
1
1
4
-18
-11
0
4
0
3
-24
2
0
0
2
0
3
2
-9
4
0
-10
0
