3
3
1
1
1
0
1
2
0
1
0
0
0
0
3
3
0
0
0
0
2
2
0
1
1
1
2
-12
2
0
0
4
0
0
2
4
0
-6
3
-30
-31
3
0
2
1
-17
-31
1
-39
-21
4
3
3
2
3
-24
-47
2
-43
-50
2
1
0
-48
-20
4
1
3
-53
-60
1
0
-44
0
2
4
2
0
3
-70
0
4
4
-55
-75
-18
4
3
2
-74
-59
4
-64
-62
2
-80
1
-69
-70
