4
2
4
3
2
0
1
2
1
1
4
2
1
0
0
2
0
0
3
0
0
1
0
4
-6
-13
0
-9
4
4
-12
1
3
4
4
0
0
-25
1
0
-25
4
4
-25
-29
3
-31
-32
0
1
3
0
1
3
1
4
-44
4
-46
-25
4
-38
1
-51
-52
0
1
2
4
2
0
-59
-34
1
4
-60
-42
-44
0
3
4
4
2
0
1
2
-74
0
4
-77
-72
2
4
4
-79
0
3
-79
-80
2
0
1
-68
-69
2
1
3
0
4
0
-92
1
1
-98
-102
1
-104
0
4
3
0
1
-88
-111
4
1
-108
-112
3
-95
-96
2
0
3
2
1
0
-99
-126
0
4
4
2
0
4
0
4
4
1
0
3
-136
0
4
3
-143
-122
-88
3
1
2
-143
-147
-101
2
0
3
0
-134
4
1
1
3
3
0
3
-158
0
4
2
0
-147
4
-149
-169
2
1
-145
2
-171
-172
2
0
2
-160
-177
0
3
3
4
3
0
-133
3
-116
2
-191
-189
3
4
-148
4
0
-201
4
0
3
-205
0
3
4
1
-210
1
-206
0
2
-112
4
-214
-218
1
4
4
-222
0
-221
0
2
2
3
4
0
3
0
2
-208
-93
3
4
3
3
-237
-219
0
0
2
4
0
1
-248
-246
2
2
-246
-253
1
0
-256
0
2
4
3
4
1
4
-264
-265
-153
2
0
3
-270
-271
4
4
3
-272
-276
4
-256
0
1
2
-279
0
1
-285
-264
4
3
0
3
1
0
-271
-146
0
-274
0
1
-218
1
-134
0
