1
1
2
0
1
3
4
2
0
4
3
3
0
0
4
0
0
2
0
0
1
3
1
0
-10
3
0
-13
1
1
1
0
0
-3
2
-18
-22
2
4
4
1
-24
-25
2
0
-28
0
2
0
4
0
4
-41
-36
0
3
4
4
2
3
3
4
-51
0
2
-54
-55
0
4
4
3
-41
-58
4
-57
-64
1
4
-64
-62
3
-64
0
2
-67
1
1
2
-58
-78
4
0
-81
3
1
-81
-85
1
0
-88
2
2
1
0
3
2
-92
-90
1
-92
0
3
0
4
-41
-98
3
0
4
2
-15
3
-92
0
4
2
0
-97
1
-99
-116
0
0
