4
0
3
4
3
2
4
1
0
0
4
0
0
3
3
0
0
-3
4
2
0
-14
2
2
0
0
-12
4
4
2
-7
-8
3
-19
-24
4
1
-23
-28
2
-30
-31
2
0
1
0
2
3
0
-35
3
-28
0
