3
3
0
0
3
3
1
1
2
3
2
0
4
-12
3
-14
1
0
0
-3
4
1
4
1
0
-9
4
-26
0
2
-16
0
2
0
4
4
4
0
0
0
0
3
2
4
3
1
0
-11
3
-13
-34
0
3
1
-38
2
2
0
0
0
0
0
2
1
3
4
3
1
-12
-33
3
-70
-71
1
2
-74
-20
0
3
1
0
3
-26
0
0
4
3
1
3
-73
-54
2
-91
-77
0
3
0
3
2
-43
-99
0
2
2
0
3
4
2
-52
-73
0
4
2
-77
-113
0
1
0
3
0
3
2
-106
0
3
0
-110
3
1
4
2
1
2
0
1
-99
-135
2
4
0
-84
-20
1
3
-23
0
3
1
-92
-93
0
2
4
1
-63
3
-140
-101
1
2
-124
0
1
-147
-128
0
4
3
3
3
1
0
-171
-61
3
4
-120
-161
4
-143
-144
0
-146
4
4
1
3
0
4
-163
-123
0
0
2
1
4
3
-152
0
0
-144
0
0
