1
2
0
4
0
2
2
2
2
3
0
0
2
0
1
2
0
0
0
0
0
2
3
3
1
1
0
-18
0
0
1
3
2
1
0
0
-3
0
3
4
-25
-26
0
2
3
1
4
4
0
0
-17
4
-19
-6
3
3
-23
-48
2
-44
-13
0
0
