3
4
1
1
3
1
2
3
1
3
2
0
0
4
0
0
0
0
1
1
0
0
2
1
0
-12
4
-14
-9
4
0
4
2
2
-15
-22
1
-27
-28
3
4
-22
0
0
3
4
2
0
1
1
0
3
0
0
1
-4
-43
4
4
2
-47
-10
0
3
4
-52
-53
4
0
-56
0
2
0
4
3
3
4
2
-59
-28
2
-62
-63
4
-48
0
3
3
3
-76
-39
2
-79
-80
0
4
3
3
0
4
0
-82
2
0
1
-54
0
3
2
4
-91
-98
2
-62
-95
1
-76
1
-105
-68
4
4
-71
3
2
4
4
-76
-19
1
-39
-121
1
3
-80
1
-85
-118
2
4
-130
-90
-93
4
2
-126
3
3
-138
-98
2
-138
-142
0
2
0
-137
0
0
