2
4
3
1
0
2
4
2
1
0
4
0
0
4
3
0
0
-7
1
4
-6
0
1
-9
-10
2
2
3
2
0
0
-17
2
-19
1
0
0
4
0
-11
3
2
0
3
0
4
4
-37
0
4
-22
-17
0
2
1
2
0
3
0
4
2
-47
-34
4
-50
-31
3
0
4
1
3
0
-58
4
-60
-61
3
2
-50
0
-58
4
2
4
4
1
-72
-77
0
3
3
-57
-82
3
-80
-61
2
3
4
-65
-90
-16
4
4
-94
-95
0
3
2
1
2
-97
-102
1
0
-101
0
4
1
4
-86
-93
1
-95
-90
3
0
2
0
-119
4
-4
2
4
2
3
1
1
-104
-129
-70
2
4
-133
-130
-26
0
0
4
1
2
3
2
-125
-126
2
-142
-143
1
0
-123
2
0
4
1
-137
0
-145
1
2
2
-137
2
-145
-164
1
0
1
-168
-165
2
-147
2
2
-174
-175
0
