1
4
2
2
3
0
0
0
1
4
0
0
-8
0
3
1
4
1
0
0
0
2
-13
-14
2
3
-17
2
0
0
2
-22
0
