1
3
4
3
2
1
0
0
2
0
0
0
4
3
-6
-7
1
4
0
0
-12
1
2
1
-19
0
-22
4
4
-12
-25
-18
3
1
2
-22
1
-32
-30
4
4
0
-34
1
-39
3
0
0
2
0
3
2
-35
-8
0
