4
0
3
0
3
2
3
4
1
0
0
-3
3
4
0
0
0
0
1
2
3
2
0
0
-11
1
-13
3
0
0
4
0
-24
