1
1
0
0
1
2
3
2
0
1
1
1
0
-12
0
4
1
3
0
0
4
0
0
4
2
0
0
-3
1
3
4
3
-8
-13
0
2
-19
0
3
4
0
3
-18
-42
2
1
0
-30
3
-29
-30
0
3
1
3
1
0
2
1
0
-40
0
4
4
1
-41
0
2
-67
-45
0
-54
3
3
4
1
2
-57
-61
1
-63
0
1
2
0
-84
4
-70
0
4
0
2
4
0
-70
-64
3
0
4
-79
1
3
-101
0
3
-81
-89
