1
3
1
2
1
4
0
0
4
3
3
3
0
0
0
1
0
-6
3
2
-15
-16
2
1
0
0
-21
0
3
1
3
1
2
-22
-23
4
-25
-14
0
1
2
4
-19
-20
2
-34
-23
0
3
4
0
1
0
2
0
-32
2
0
3
4
-55
-56
4
-58
-41
0
4
1
4
3
1
3
3
2
0
0
-71
3
-5
0
3
1
-9
0
1
-74
-81
3
3
-79
1
-68
-69
2
0
3
-73
-74
0
0
4
4
0
1
3
0
2
1
-97
0
3
-100
-101
2
1
-93
0
1
3
-114
-97
1
-111
-100
0
