4
2
0
4
1
2
1
0
2
2
0
0
4
0
0
2
2
-8
3
0
0
0
4
4
3
-13
0
1
-16
-11
0
0
2
1
4
3
0
4
1
1
0
0
0
4
-5
0
0
2
2
3
3
0
-13
0
2
3
0
-45
3
-47
-48
4
-23
4
4
-47
-57
1
-29
-60
2
1
2
3
0
2
-37
0
0
1
1
-43
0
-44
3
3
3
2
0
-77
-32
1
1
-54
-82
-37
4
1
1
-81
0
4
-84
0
2
4
0
-89
3
-70
-71
