3
2
0
1
3
1
0
0
4
0
0
1
3
0
0
2
0
0
2
2
4
-13
0
-11
3
3
-14
-12
1
-21
-15
