1
1
3
0
1
4
4
0
1
0
1
1
0
0
2
2
-5
4
0
0
1
2
0
0
3
0
0
1
4
3
2
1
0
-22
1
-18
0
4
4
-15
-23
1
-18
-26
4
2
0
2
-31
-32
4
1
-28
-29
0
2
0
4
2
3
-36
-37
3
0
-53
2
2
0
-51
0
0
0
0
