3
0
3
4
4
0
4
1
2
0
0
3
0
0
2
1
0
0
-10
0
2
-6
1
2
2
-10
-15
1
4
0
0
-3
4
2
-26
-7
4
-26
-30
