1
1
0
0
1
-4
1
1
1
1
4
0
2
0
0
2
0
4
0
0
0
3
1
2
3
0
0
-3
4
-17
-6
1
3
-16
-22
2
0
-13
2
0
3
0
4
2
-43
-21
0
