1
3
3
0
3
1
0
0
-3
3
4
-6
3
0
0
1
0
-5
2
3
2
-16
0
2
0
2
0
0
1
1
4
0
0
-21
1
-5
-11
