3
1
1
4
0
0
1
0
0
3
0
3
0
0
2
1
2
0
0
-13
4
0
-16
