3
4
4
3
1
2
0
2
0
2
0
3
4
3
0
0
4
0
2
0
0
2
0
1
-6
0
1
2
0
2
3
4
4
-15
0
4
-23
4
0
0
1
3
1
0
0
-3
4
0
-11
0
0
3
2
3
0
1
3
4
-17
0
2
3
-25
-45
0
0
3
3
3
4
4
-29
-30
-50
3
0
2
-64
-36
0
0
3
1
3
2
0
3
2
-51
-76
4
-54
-79
3
0
4
0
2
-61
-81
0
1
1
4
0
1
2
-65
0
3
-73
-98
2
2
2
-97
0
2
-81
-82
4
4
-80
-86
-34
3
0
3
0
2
0
2
-90
-91
1
0
2
1
2
3
2
4
4
-125
-102
2
-109
0
4
3
-137
0
-120
4
1
2
-114
-144
3
-117
-142
4
0
-14
1
2
2
4
-150
-132
-124
2
0
-136
2
1
2
-159
-136
1
-162
-163
3
2
-171
0
0
0
2
4
2
1
1
-22
0
3
0
1
-161
-162
4
3
0
-106
0
3
0
3
2
3
-173
0
1
0
-177
1
2
-199
-205
-88
2
4
0
3
4
0
3
-209
-191
0
0
0
2
0
4
4
3
2
4
2
3
1
0
-146
1
-69
-70
4
2
4
-208
0
-155
0
2
3
3
-220
1
-246
-242
4
4
-250
-222
-116
1
2
2
0
-228
-248
2
0
1
-257
-239
1
0
3
4
3
4
-246
-266
-176
2
-269
2
-247
-253
0
0
2
2
0
2
4
1
4
1
-288
0
1
-262
0
3
3
-290
-291
0
2
0
3
-11
2
-303
-304
4
0
3
-308
3
-277
4
0
-284
3
0
1
0
4
1
1
-302
1
-318
-324
4
-230
-58
3
3
3
-307
-303
3
-305
0
3
-179
0
-310
