2
1
2
0
3
2
2
2
3
0
0
2
0
0
4
4
0
0
1
0
0
3
0
1
-16
-10
3
0
3
2
-15
-13
0
2
1
2
2
4
-27
-21
0
0
4
2
2
-34
-28
4
-40
0
2
0
3
-45
-39
4
2
4
3
-41
-49
4
0
-48
2
2
-48
0
-24
1
-59
2
-57
3
-56
-67
0
