3
1
0
3
0
2
1
1
2
0
0
0
3
1
0
0
4
0
0
4
2
0
3
0
0
0
1
4
2
4
1
-15
-24
3
0
-19
4
1
0
-26
1
-33
-20
3
0
4
1
0
-32
0
2
1
1
2
0
-42
-44
0
0
