4
0
4
0
3
4
3
0
0
1
1
-5
0
2
3
4
3
-11
1
1
0
0
0
2
3
0
2
0
0
1
-24
-25
3
3
3
4
0
0
0
-29
3
1
-7
-24
3
-19
0
-41
3
0
2
0
-26
