1
4
0
2
3
0
2
1
2
1
0
0
-3
0
4
4
2
0
0
3
0
0
4
-14
-15
1
1
0
2
1
0
4
0
0
1
-26
-27
1
4
4
-9
-25
3
-24
-13
3
3
-31
-17
3
-19
0
2
2
3
4
4
3
-42
0
1
-30
-31
4
2
-49
0
0
3
1
0
1
-53
-57
2
2
-60
-58
2
-63
-64
4
4
-74
4
0
3
-78
-69
2
0
4
1
-74
-85
-64
2
1
4
3
3
-70
-71
1
-88
-96
4
4
-99
-93
0
1
2
2
-95
-84
-77
2
4
0
-101
3
-113
-114
0
