3
2
2
4
4
0
4
4
0
0
2
0
0
4
1
1
0
0
-3
0
3
4
0
2
0
-15
-11
0
4
3
-15
2
3
-19
0
1
3
3
0
0
0
2
-32
-6
3
4
3
3
-41
-42
2
-44
-37
4
0
3
-46
-47
2
1
3
-54
-47
3
-27
-55
2
4
0
-62
1
-34
-57
