1
2
3
0
3
2
3
3
2
0
0
1
0
0
3
4
0
0
-7
0
0
2
2
2
4
2
-11
-12
-3
4
-22
3
-17
3
0
0
0
4
2
-6
1
4
-31
-10
3
-12
-35
3
2
2
-42
-40
4
0
-21
0
0
