2
3
1
2
4
4
4
0
3
0
4
0
0
1
3
0
2
0
0
3
3
0
0
1
0
0
3
0
2
0
4
-8
0
2
3
3
4
0
-18
2
0
-25
1
3
-34
-29
4
-37
-28
3
1
3
-29
0
2
-45
0
2
1
-39
-44
3
-39
-53
3
3
0
4
1
4
-50
-48
1
-63
-51
1
1
-61
-68
-43
2
0
1
2
-61
4
-66
-67
3
1
0
-81
4
-77
-74
0
3
3
4
1
-77
0
4
1
2
1
-96
-97
-85
4
0
4
-96
-97
0
3
3
4
-95
-96
4
2
-11
0
4
-79
0
1
2
0
4
1
-109
-110
4
0
-113
2
3
0
3
0
-122
2
3
-129
-136
3
-138
-129
3
3
1
4
0
1
4
-134
-138
1
0
-145
0
2
2
3
2
-147
0
2
-154
-148
2
4
-164
0
1
0
-155
0
0
