1
0
3
2
2
4
3
4
0
3
0
0
1
0
-5
1
3
4
0
0
1
0
0
1
-15
-5
0
3
1
2
1
0
-12
0
1
3
2
0
0
-22
3
-21
-25
1
3
1
-26
0
2
-32
-41
1
-7
1
-45
0
0
