3
4
3
3
2
2
2
4
1
4
0
0
2
0
0
4
-7
-8
3
1
-11
0
3
3
0
0
1
0
0
2
2
1
-6
0
-26
2
3
-28
-29
0
0
1
3
0
-21
1
2
0
2
4
-24
-28
4
-41
-45
2
3
-8
3
-50
0
0
2
2
1
0
3
0
2
0
4
-59
-46
1
4
3
4
-68
-52
1
-68
-58
-59
1
4
-15
3
-75
-79
4
2
-65
0
3
-82
-72
4
1
3
1
1
-75
-76
-84
1
-69
-27
2
3
2
-84
-99
0
1
-99
-22
2
2
4
0
4
-109
0
4
0
3
-103
-104
0
3
4
1
3
3
4
-49
3
-111
-115
4
0
2
-133
-134
3
2
2
0
-125
4
-127
-142
2
2
0
-129
0
2
2
3
0
3
-153
-137
0
4
3
4
-159
-146
3
-145
0
2
3
0
-167
0
1
3
1
2
4
0
-161
3
-160
-161
1
0
-167
0
0
4
3
-137
2
4
-189
1
1
-189
-190
4
-181
-193
3
4
1
0
-201
-37
1
-190
0
3
2
-194
0
0
0
