3
2
4
3
1
2
3
0
0
-3
4
0
-6
4
4
1
0
0
-12
0
1
3
3
0
4
0
0
1
2
0
0
-25
0
0
1
2
0
3
0
1
4
0
-14
1
-29
-17
4
1
0
4
-44
0
0
