1
3
4
4
1
4
4
0
3
0
0
4
1
0
0
0
1
1
0
-7
2
2
0
0
4
0
0
4
2
1
-18
-23
1
-25
-26
0
1
1
3
3
-28
0
4
-19
-32
1
1
-26
-27
-10
2
1
3
0
-30
4
-48
0
3
0
4
-53
-50
1
0
3
2
2
2
0
-46
4
0
-49
0
0
2
2
4
2
1
0
2
-75
-76
2
-78
-75
4
2
2
-83
-68
0
4
4
-84
-85
0
1
1
3
3
-95
-92
1
-82
-99
3
0
-64
2
0
2
2
-103
0
0
0
