1
0
3
2
4
2
1
2
4
0
0
3
0
2
2
0
0
0
3
4
2
1
-14
1
0
0
2
0
3
0
0
4
4
-25
-11
4
-13
-9
4
4
3
-18
-34
0
0
1
2
2
3
2
-42
0
2
-25
-40
3
-16
4
-30
-51
2
2
4
-49
0
0
4
1
-54
-55
1
-48
-49
1
2
2
0
2
-70
-71
3
4
-74
-55
1
-71
-58
0
0
1
0
3
0
1
3
4
3
-83
2
-85
-72
4
2
-75
-96
0
3
3
2
-101
-87
3
0
-99
4
4
-93
-94
1
-91
-97
0
1
3
1
4
2
2
4
3
-107
-103
-92
3
3
-127
-128
1
-110
-125
2
3
-134
0
2
-34
-31
2
1
1
-69
2
-144
-125
2
1
-148
-129
-77
0
2
4
1
1
0
2
-143
-139
3
0
3
-157
0
4
4
1
-168
-169
4
0
-172
0
0
3
1
1
1
2
-73
1
0
-183
4
1
-180
-172
3
-189
-170
0
2
2
4
0
-181
0
1
1
2
-186
-202
-130
0
0
2
2
3
3
4
4
2
-198
-199
0
-210
4
0
-213
0
0
4
1
4
1
3
4
-208
-214
1
-231
0
4
-219
2
-221
-231
4
2
0
3
-227
0
2
3
-240
-241
1
-229
0
0
1
1
2
2
-207
1
-243
0
1
-255
3
-243
-258
4
1
-79
2
0
-270
2
3
-253
-259
3
-256
-277
1
4
1
0
-188
2
-16
1
0
-272
0
