4
2
4
0
2
3
2
2
4
4
0
0
3
0
0
0
4
2
0
-7
0
4
2
0
1
-13
2
0
0
4
-6
3
-20
0
3
0
4
3
1
1
0
0
-3
2
-18
-33
4
3
-22
-23
-12
4
1
4
1
3
4
-45
-46
1
-21
-49
4
1
0
-39
4
-28
-42
4
3
1
-33
0
-66
3
4
-65
-52
4
0
-42
3
4
4
4
0
-75
4
0
-64
3
1
-84
-68
3
-87
-88
4
4
-34
2
-93
-94
3
0
3
-81
-99
3
2
2
2
2
-75
-89
3
-78
-109
1
-14
2
0
-84
2
2
-100
3
-119
-90
1
3
-123
-107
1
0
-124
2
3
2
1
-132
-133
3
-118
0
2
0
-21
1
1
0
-57
3
3
-146
-144
3
-119
-120
3
3
1
2
1
4
3
-128
-142
0
3
-163
2
-164
-148
1
4
4
-139
-170
2
-172
-143
2
3
0
-147
-178
0
2
-164
4
3
1
-22
4
-187
-171
0
-160
2
1
1
1
2
-149
-182
1
0
1
-198
-172
2
4
-93
-94
2
3
-192
-207
-157
1
4
1
4
-199
0
-215
3
4
-204
-222
0
1
3
2
-227
0
2
-230
-228
4
4
0
-235
-68
1
4
3
4
4
-212
0
-187
4
1
-230
-231
-124
3
0
1
1
-251
-252
-194
0
