2
2
4
1
2
0
4
4
4
0
0
0
2
0
3
0
0
4
0
1
2
-7
-8
1
0
1
0
0
3
1
4
1
0
2
0
0
2
-4
-13
4
4
0
-17
0
2
0
2
1
-40
-16
1
-26
-27
2
1
1
0
3
0
2
-52
-47
3
3
1
-32
-33
4
-54
-55
4
3
-47
-59
2
-50
-62
4
2
0
1
0
1
-69
-51
4
4
2
-63
-81
-23
0
0
