4
4
2
2
2
0
0
-3
0
4
4
4
2
4
2
4
0
4
4
0
0
-3
4
4
-6
0
1
-23
-10
0
4
1
2
0
3
0
3
0
0
1
4
-37
1
0
0
1
-4
-43
0
2
2
2
2
0
1
-51
0
4
1
-23
0
-7
0
0
0
0
0
