2
3
4
4
0
4
1
3
0
0
-3
2
0
-6
4
-8
2
1
4
0
0
2
0
0
1
-4
1
0
0
-11
1
4
2
2
0
4
-18
0
2
3
-19
-20
-25
0
2
3
1
3
-22
-42
4
-30
-45
1
0
2
-35
0
3
4
1
-40
-44
2
-46
-58
2
4
0
-62
2
-53
-46
