1
3
0
2
4
0
2
0
0
2
0
1
-6
1
1
0
0
3
0
0
2
0
3
3
4
3
-20
-10
3
-23
-16
3
3
0
-20
2
4
0
0
-33
3
3
2
-29
-27
-17
4
4
-42
-32
3
0
-46
